env: load .env.local
env: export EXPO_PUBLIC_USE_REMOTE_CACHE EXPO_PUBLIC_CACHE_SERVER_URL EXPO_PUBLIC_DISABLE_LOCAL_CACHE EXPO_PUBLIC_MOVIEBOX_PRIMARY_KEY EXPO_PUBLIC_MOVIEBOX_TMDB_API_KEY EXPO_PUBLIC_TRAKT_CLIENT_ID EXPO_PUBLIC_TRAKT_CLIENT_SECRET EXPO_PUBLIC_TRAKT_REDIRECT_URI
[app.config.js] Loading config from: app.tv.json
! Git branch has uncommitted file changes
› It's recommended to commit all changes before proceeding in case you want to revert generated changes.
Git status is dirty but the command will continue because the terminal is not interactive.
- Clearing android
✔ Cleared android code
[app.config.js] Loading config from: app.tv.json
[app.config.js] Loading config from: app.tv.json
- Creating native directory (./android)
✔ Created native directory
- Updating package.json
› Using react-native@npm:react-native-tvos@latest instead of recommended react-native@0.81.5.
- Updating package.json
✔ Updated package.json | no changes
- Running prebuild
[app.config.js] Loading config from: app.tv.json
- Running prebuild
✔ Finished prebuild
